warning: output filename collision at C:\nibbin-capture-bringup\apps\desktop\src-tauri\target\debug\deps\nibbin_observer_app.pdb
  |
  = note: the bin target `nibbin-observer-app` in package `nibbin-observer-app v0.1.0 (C:\nibbin-capture-bringup\apps\desktop\src-tauri\app)` has the same output filename as the lib target `nibbin_observer_app` in package `nibbin-observer-app v0.1.0 (C:\nibbin-capture-bringup\apps\desktop\src-tauri\app)`
  = note: if this looks unexpected, it may be a bug in Cargo. Please file a bug report at https://github.com/rust-lang/cargo/issues/ with as much information as you can provide.
  = note: cargo 1.96.0 (30a34c682 2026-05-25) running on `x86_64-pc-windows-msvc` target `x86_64-pc-windows-msvc`
  = note: first unit: Unit { pkg: Package { id: PackageId { name: "nibbin-observer-app", version: "0.1.0", source: "C:\\nibbin-capture-bringup\\apps\\desktop\\src-tauri\\app" }, ..: ".." }, target: TargetInner { name: "nibbin-observer-app", doc: true, ..: with_path("C:\\nibbin-capture-bringup\\apps\\desktop\\src-tauri\\app\\src\\main.rs", Edition2021) }, profile: Profile { ..: default_dev() }, kind: Host, mode: Build, features: [], rustflags: [], rustdocflags: [], links_overrides: {}, artifact: false, artifact_target_for_features: None, is_std: false, dep_hash: 1595247636335401808 }
  = note: second unit: Unit { pkg: Package { id: PackageId { name: "nibbin-observer-app", version: "0.1.0", source: "C:\\nibbin-capture-bringup\\apps\\desktop\\src-tauri\\app" }, ..: ".." }, target: TargetInner { ..: lib_target("nibbin_observer_app", ["staticlib", "cdylib", "rlib"], "C:\\nibbin-capture-bringup\\apps\\desktop\\src-tauri\\app\\src\\lib.rs", Edition2021) }, profile: Profile { ..: default_dev() }, kind: Host, mode: Build, features: [], rustflags: [], rustdocflags: [], links_overrides: {}, artifact: false, artifact_target_for_features: None, is_std: false, dep_hash: 26830175806187005 }
warning: output filename collision at C:\nibbin-capture-bringup\apps\desktop\src-tauri\target\debug\nibbin_observer_app.pdb
  |
  = note: the bin target `nibbin-observer-app` in package `nibbin-observer-app v0.1.0 (C:\nibbin-capture-bringup\apps\desktop\src-tauri\app)` has the same output filename as the lib target `nibbin_observer_app` in package `nibbin-observer-app v0.1.0 (C:\nibbin-capture-bringup\apps\desktop\src-tauri\app)`
  = note: if this looks unexpected, it may be a bug in Cargo. Please file a bug report at https://github.com/rust-lang/cargo/issues/ with as much information as you can provide.
  = note: cargo 1.96.0 (30a34c682 2026-05-25) running on `x86_64-pc-windows-msvc` target `x86_64-pc-windows-msvc`
  = note: first unit: Unit { pkg: Package { id: PackageId { name: "nibbin-observer-app", version: "0.1.0", source: "C:\\nibbin-capture-bringup\\apps\\desktop\\src-tauri\\app" }, ..: ".." }, target: TargetInner { name: "nibbin-observer-app", doc: true, ..: with_path("C:\\nibbin-capture-bringup\\apps\\desktop\\src-tauri\\app\\src\\main.rs", Edition2021) }, profile: Profile { ..: default_dev() }, kind: Host, mode: Build, features: [], rustflags: [], rustdocflags: [], links_overrides: {}, artifact: false, artifact_target_for_features: None, is_std: false, dep_hash: 1595247636335401808 }
  = note: second unit: Unit { pkg: Package { id: PackageId { name: "nibbin-observer-app", version: "0.1.0", source: "C:\\nibbin-capture-bringup\\apps\\desktop\\src-tauri\\app" }, ..: ".." }, target: TargetInner { ..: lib_target("nibbin_observer_app", ["staticlib", "cdylib", "rlib"], "C:\\nibbin-capture-bringup\\apps\\desktop\\src-tauri\\app\\src\\lib.rs", Edition2021) }, profile: Profile { ..: default_dev() }, kind: Host, mode: Build, features: [], rustflags: [], rustdocflags: [], links_overrides: {}, artifact: false, artifact_target_for_features: None, is_std: false, dep_hash: 26830175806187005 }
   Compiling proc-macro2 v1.0.106
   Compiling serde_core v1.0.228
   Compiling memchr v2.8.1
   Compiling siphasher v1.0.3
   Compiling fastrand v2.4.1
   Compiling stable_deref_trait v1.2.1
   Compiling serde v1.0.228
   Compiling phf_shared v0.13.1
   Compiling num-conv v0.2.2
   Compiling winnow v1.0.3
   Compiling byteorder v1.5.0
   Compiling phf_generator v0.13.1
   Compiling time-core v0.1.8
   Compiling parking_lot_core v0.9.12
   Compiling powerfmt v0.2.0
   Compiling toml_parser v1.1.2+spec-1.1.0
   Compiling aho-corasick v1.1.4
   Compiling deranged v0.5.8
   Compiling phf_codegen v0.13.1
   Compiling typeid v1.0.3
   Compiling quote v1.0.45
   Compiling syn v2.0.117
   Compiling ident_case v1.0.1
   Compiling strsim v0.11.1
   Compiling scopeguard v1.2.0
   Compiling toml_writer v1.1.1+spec-1.1.0
   Compiling lock_api v0.4.14
   Compiling regex-automata v0.4.14
   Compiling erased-serde v0.4.10
   Compiling parking_lot v0.12.5
   Compiling thiserror v1.0.69
   Compiling unic-char-range v0.9.0
   Compiling unic-common v0.9.0
   Compiling fnv v1.0.7
   Compiling new_debug_unreachable v1.0.6
   Compiling unic-ucd-version v0.9.0
   Compiling unic-char-property v0.9.0
   Compiling string_cache_codegen v0.6.1
   Compiling hashbrown v0.17.1
   Compiling dunce v1.0.5
   Compiling alloc-no-stdlib v2.0.4
   Compiling bytes v1.11.1
   Compiling serde_json v1.0.150
   Compiling equivalent v1.0.2
   Compiling precomputed-hash v0.1.1
   Compiling alloc-stdlib v0.2.2
   Compiling web_atoms v0.2.4
   Compiling unic-ucd-ident v0.9.0
   Compiling getrandom v0.4.2
   Compiling serde_spanned v1.1.1
   Compiling indexmap v2.14.0
   Compiling quick-xml v0.39.4
   Compiling windows-sys v0.61.2
   Compiling http v1.4.2
   Compiling brotli-decompressor v5.0.1
   Compiling string_cache v0.9.0
   Compiling regex v1.12.4
   Compiling semver v1.0.28
   Compiling synstructure v0.13.2
   Compiling darling_core v0.23.0
   Compiling percent-encoding v2.3.2
   Compiling utf-8 v0.7.6
   Compiling ctor-proc-macro v0.0.7
   Compiling dtoa v1.0.11
   Compiling dtoa-short v0.3.5
   Compiling tendril v0.5.0
   Compiling form_urlencoded v1.2.2
   Compiling brotli v8.0.3
   Compiling ctor v0.8.0
   Compiling uuid v1.23.3
   Compiling toml_datetime v1.1.1+spec-1.1.0
   Compiling selectors v0.36.1
   Compiling indexmap v1.9.3
   Compiling windows_x86_64_msvc v0.52.6
   Compiling camino v1.2.2
   Compiling glob v0.3.3
   Compiling toml v1.1.2+spec-1.1.0
   Compiling winapi-util v0.1.11
   Compiling serde_derive_internals v0.29.1
   Compiling servo_arc v0.4.3
   Compiling hashbrown v0.12.3
   Compiling schemars v0.8.22
   Compiling zerofrom-derive v0.1.7
   Compiling yoke-derive v0.8.2
   Compiling serde_derive v1.0.228
   Compiling zerovec-derive v0.11.3
   Compiling displaydoc v0.2.6
   Compiling thiserror-impl v2.0.18
   Compiling zerofrom v0.1.8
   Compiling phf_macros v0.13.1
   Compiling darling_macro v0.23.0
   Compiling thiserror-impl v1.0.69
   Compiling yoke v0.8.3
   Compiling darling v0.23.0
   Compiling zerovec v0.11.6
   Compiling zerotrie v0.2.4
   Compiling serde_with_macros v3.21.0
   Compiling phf v0.13.1
   Compiling thiserror v2.0.18
   Compiling derive_more-impl v2.1.1
   Compiling cssparser-macros v0.6.1
   Compiling tinystr v0.8.3
   Compiling potential_utf v0.1.5
   Compiling bit-vec v0.8.0
   Compiling icu_collections v2.2.0
   Compiling rustc-hash v2.1.2
   Compiling cssparser v0.36.0
   Compiling icu_locale_core v2.2.0
   Compiling markup5ever v0.38.0
   Compiling bitflags v2.13.0
   Compiling bit-set v0.8.0
   Compiling html5ever v0.38.0
   Compiling schemars_derive v0.8.22
   Compiling derive_more v2.1.1
   Compiling same-file v1.0.6
   Compiling cargo-platform v0.1.9
   Compiling jsonptr v0.6.3
   Compiling cfb v0.7.3
   Compiling icu_provider v2.2.0
   Compiling time v0.3.47
   Compiling foldhash v0.2.0
   Compiling dyn-clone v1.0.20
   Compiling serde-untagged v0.1.9
   Compiling icu_properties v2.2.0
   Compiling icu_normalizer v2.2.0
   Compiling infer v0.19.0
   Compiling dom_query v0.27.0
   Compiling json-patch v3.0.1
   Compiling cargo_metadata v0.19.2
   Compiling windows-targets v0.52.6
   Compiling walkdir v2.5.0
   Compiling serde_with v3.21.0
   Compiling windows-link v0.1.3
   Compiling vswhom-sys v0.1.3
   Compiling plist v1.9.0
   Compiling windows-result v0.3.4
   Compiling windows-strings v0.4.2
   Compiling option-ext v0.2.0
   Compiling windows-sys v0.59.0
   Compiling windows-implement v0.60.2
   Compiling windows-interface v0.59.3
   Compiling idna_adapter v1.2.2
   Compiling idna v1.1.0
   Compiling vswhom v0.1.0
   Compiling rustc_version v0.4.1
   Compiling windows-core v0.61.2
   Compiling url v2.5.8
   Compiling toml_datetime v0.7.5+spec-1.1.0
   Compiling winnow v0.7.15
   Compiling urlpattern v0.3.0
   Compiling dirs-sys v0.5.0
   Compiling heck v0.5.0
   Compiling dirs v6.0.0
   Compiling windows-threading v0.1.0
   Compiling tauri-utils v2.9.2
   Compiling winreg v0.55.0
   Compiling toml v0.9.12+spec-1.1.0
   Compiling generic-array v0.14.7
   Compiling embed-resource v3.0.9
   Compiling adler2 v2.0.1
   Compiling crossbeam-utils v0.8.21
   Compiling crc32fast v1.5.0
   Compiling tauri-winres v0.3.6
   Compiling windows-future v0.2.1
   Compiling windows-collections v0.2.0
   Compiling windows-numerics v0.2.0
   Compiling time-macros v0.2.27
   Compiling typenum v1.20.1
   Compiling simd-adler32 v0.3.9
   Compiling windows v0.61.3
   Compiling cargo_toml v0.22.3
   Compiling dpi v0.1.2
   Compiling webview2-com-sys v0.38.2
   Compiling raw-window-handle v0.6.2
   Compiling unicode-segmentation v1.13.3
   Compiling crossbeam-channel v0.5.15
   Compiling miniz_oxide v0.8.9
   Compiling cookie v0.18.1
   Compiling flate2 v1.1.9
   Compiling crypto-common v0.1.7
   Compiling block-buffer v0.10.4
   Compiling fdeflate v0.3.7
   Compiling webview2-com-macros v0.8.1
   Compiling windows-version v0.1.7
   Compiling pin-project-lite v0.2.17
   Compiling bitflags v1.3.2
   Compiling png v0.17.16
   Compiling digest v0.10.7
   Compiling keyboard-types v0.7.0
   Compiling tracing-core v0.1.36
   Compiling tracing-attributes v0.1.31
   Compiling tauri-runtime v2.11.2
   Compiling wry v0.55.1
   Compiling tauri-build v2.6.2
   Compiling tauri-plugin v2.6.2
   Compiling cpufeatures v0.2.17
   Compiling sha2 v0.10.9
   Compiling tracing v0.1.44
   Compiling ico v0.5.0
   Compiling tauri-runtime-wry v2.11.2
   Compiling windows_x86_64_msvc v0.53.1
   Compiling getrandom v0.3.4
   Compiling tauri-codegen v2.6.2
   Compiling softbuffer v0.4.8
   Compiling muda v0.19.2
   Compiling serialize-to-javascript-impl v0.1.2
   Compiling getrandom v0.2.17
   Compiling serialize-to-javascript v0.1.2
   Compiling window-vibrancy v0.6.0
   Compiling tray-icon v0.23.1
   Compiling tokio v1.52.3
   Compiling serde_repr v0.1.20
   Compiling mime v0.3.17
   Compiling ring v0.17.14
   Compiling windows-targets v0.53.5
   Compiling chrono v0.4.45
   Compiling windows-sys v0.60.2
   Compiling keyring v3.6.3
   Compiling rusqlite v0.32.1
   Compiling nibbin-study v0.1.0 (C:\nibbin-capture-bringup\apps\desktop\src-tauri\crates\nibbin-study)
   Compiling global-hotkey v0.8.0
   Compiling rustls-webpki v0.103.13
   Compiling nibbin-redaction v0.1.0 (C:\nibbin-capture-bringup\apps\desktop\src-tauri\crates\nibbin-redaction)
   Compiling rustls v0.23.40
   Compiling windows-registry v0.5.3
   Compiling open v5.3.5
   Compiling nibbin-store v0.1.0 (C:\nibbin-capture-bringup\apps\desktop\src-tauri\crates\nibbin-store)
   Compiling tauri v2.11.2
   Compiling tauri-macros v2.6.2
   Compiling tauri-plugin-opener v2.5.4
   Compiling tauri-plugin-deep-link v2.4.9
   Compiling tauri-plugin-global-shortcut v2.3.2
   Compiling nibbin-observer-app v0.1.0 (C:\nibbin-capture-bringup\apps\desktop\src-tauri\app)
   Compiling ureq v2.12.1
   Compiling tao v0.35.3
   Compiling webview2-com v0.38.2
    Finished `dev` profile [unoptimized + debuginfo] target(s) in 2m 20s
APP_BUILD_EXIT=0
