=== default workspace tests (capture/redaction/study/observerd) ===
   Compiling nibbin-study v0.1.0 (C:\nibbin-capture-bringup\apps\desktop\src-tauri\crates\nibbin-study)
   Compiling nibbin-capture v0.1.0 (C:\nibbin-capture-bringup\apps\desktop\src-tauri\crates\nibbin-capture)
   Compiling observerd v0.1.0 (C:\nibbin-capture-bringup\apps\desktop\src-tauri\observerd)
    Finished `test` profile [unoptimized + debuginfo] target(s) in 4.24s
     Running unittests src\lib.rs (C:\nibbin-capture-bringup\apps\desktop\src-tauri\target\debug\deps\nibbin_capture-7c6a6a9c7ad75535.exe)

running 8 tests
test mock::tests::mock_is_ready_by_default ... ok
test mock::tests::queued_input_drains_as_input_item ... ok
test windows::idle_logic_tests::active_within_threshold_is_not_idle ... ok
test windows::idle_logic_tests::custom_threshold_one_second ... ok
test windows::idle_logic_tests::exactly_at_threshold_is_idle ... ok
test windows::idle_logic_tests::none_last_activity_is_not_idle ... ok
test windows::idle_logic_tests::beyond_threshold_is_idle ... ok
test gate::tests::pause_observed_under_100ms ... ok

test result: ok. 8 passed; 0 failed; 0 ignored; 0 measured; 0 filtered out; finished in 0.01s

     Running unittests src\lib.rs (C:\nibbin-capture-bringup\apps\desktop\src-tauri\target\debug\deps\nibbin_redaction-ba87ba621aa4c844.exe)

running 3 tests
test pipeline::tests::exclusions_accessor_reflects_adds ... ok
test blocklist::tests::merge_dedupes_repeated_entries ... ok
test blocklist::tests::exclusions_serde_round_trips ... ok

test result: ok. 3 passed; 0 failed; 0 ignored; 0 measured; 0 filtered out; finished in 0.00s

     Running tests\corpus.rs (C:\nibbin-capture-bringup\apps\desktop\src-tauri\target\debug\deps\corpus-44330484fb467b5b.exe)

running 5 tests
test blocklist_fixture_c5_zero_persisted_events ... ok
test secure_parent_suppresses_valued_children_c4 ... ok
test secure_field_fixture_c4_no_value_no_label_no_frame ... ok
test fail_closed_when_ner_sidecar_down ... ok
test basic_fixture_persists_zero_sentinels ... ok

test result: ok. 5 passed; 0 failed; 0 ignored; 0 measured; 0 filtered out; finished in 0.03s

     Running unittests src\lib.rs (C:\nibbin-capture-bringup\apps\desktop\src-tauri\target\debug\deps\nibbin_study-bf39be4cdb7a166c.exe)

running 13 tests
test tests::depth_serde_roundtrips_snake_case ... ok
test tests::happy_path_to_complete ... ok
test tests::day14_fires_from_paused_and_not_before ... ok
test tests::clock_rollback_cannot_revive_an_expired_study ... ok
test tests::new_study_can_be_detailed ... ok
test tests::delete_everything_from_any_nonterminal_state_ends_deleted ... ok
test tests::create_study_only_from_terminal_or_not_started ... ok
test tests::new_study_defaults_to_lite ... ok
test tests::json_shape_matches_the_ts_twin ... ok
test tests::old_study_json_without_depth_loads_as_lite ... ok
test tests::quick_scan_window_is_six_hours_full_is_fourteen_days ... ok
test tests::remaining_ms_pre_start_is_kind_aware ... ok
test tests::unverified_receipt_is_rejected ... ok

test result: ok. 13 passed; 0 failed; 0 ignored; 0 measured; 0 filtered out; finished in 0.00s

     Running unittests src\lib.rs (C:\nibbin-capture-bringup\apps\desktop\src-tauri\target\debug\deps\observerd-61c8e248fddad617.exe)

running 3 tests
test exclusions::tests::missing_file_loads_empty ... ok
test exclusions::tests::corrupt_file_fails_closed ... ok
test exclusions::tests::round_trips_through_disk ... ok

test result: ok. 3 passed; 0 failed; 0 ignored; 0 measured; 0 filtered out; finished in 0.01s

     Running unittests src\main.rs (C:\nibbin-capture-bringup\apps\desktop\src-tauri\target\debug\deps\observerd-7e03629038b9d8c3.exe)

running 0 tests

test result: ok. 0 passed; 0 failed; 0 ignored; 0 measured; 0 filtered out; finished in 0.00s

     Running tests\day14_headless.rs (C:\nibbin-capture-bringup\apps\desktop\src-tauri\target\debug\deps\day14_headless-d1307d8d2535703e.exe)

running 4 tests
test day14_stop_fires_in_a_headless_daemon_process ... ok
test before_the_deadline_the_daemon_leaves_the_study_running ... ok
test delete_everything_via_control_file_destroys_and_verifies ... ok
test pause_then_resume_records_a_visible_gap ... ok

test result: ok. 4 passed; 0 failed; 0 ignored; 0 measured; 0 filtered out; finished in 0.62s

     Running tests\exclusion_persistence.rs (C:\nibbin-capture-bringup\apps\desktop\src-tauri\target\debug\deps\exclusion_persistence-054e3b67cd1837a0.exe)

running 3 tests
test a_corrupt_exclusions_file_blocks_capture_but_keeps_daemon_alive ... ok
test a_failed_exclusion_save_blocks_capture_instead_of_silently_enforcing ... ok
test an_exclusion_survives_a_daemon_restart ... ok

test result: ok. 3 passed; 0 failed; 0 ignored; 0 measured; 0 filtered out; finished in 0.04s

     Running tests\input_burst.rs (C:\nibbin-capture-bringup\apps\desktop\src-tauri\target\debug\deps\input_burst-3fdcd91cf9e45aaf.exe)

running 1 test
test input_counts_are_persisted_as_input_burst ... ok

test result: ok. 1 passed; 0 failed; 0 ignored; 0 measured; 0 filtered out; finished in 0.04s

     Running tests\real_ax_capture.rs (C:\nibbin-capture-bringup\apps\desktop\src-tauri\target\debug\deps\real_ax_capture-77948b0708742f88.exe)

running 0 tests

test result: ok. 0 passed; 0 failed; 0 ignored; 0 measured; 0 filtered out; finished in 0.00s

   Doc-tests nibbin_capture

running 0 tests

test result: ok. 0 passed; 0 failed; 0 ignored; 0 measured; 0 filtered out; finished in 0.00s

   Doc-tests nibbin_redaction

running 0 tests

test result: ok. 0 passed; 0 failed; 0 ignored; 0 measured; 0 filtered out; finished in 0.00s

   Doc-tests nibbin_study

running 0 tests

test result: ok. 0 passed; 0 failed; 0 ignored; 0 measured; 0 filtered out; finished in 0.00s

   Doc-tests observerd

running 0 tests

test result: ok. 0 passed; 0 failed; 0 ignored; 0 measured; 0 filtered out; finished in 0.00s

DEFAULT_EXIT=0
=== observerd + nibbin-capture WITH screenpipe feature (build + serial tests) ===
   Compiling observerd v0.1.0 (C:\nibbin-capture-bringup\apps\desktop\src-tauri\observerd)
    Finished `dev` profile [unoptimized + debuginfo] target(s) in 3.26s
OBSERVERD_SP_BUILD_EXIT=0
    Finished `test` profile [unoptimized + debuginfo] target(s) in 0.46s
     Running unittests src\lib.rs (C:\nibbin-capture-bringup\apps\desktop\src-tauri\target\debug\deps\nibbin_capture-18a3f3cef4d9d9ec.exe)

running 15 tests
test gate::tests::pause_observed_under_100ms ... ok
test map::tests::children_recurse_and_value_carries ... ok
test map::tests::non_password_node_is_not_secure ... ok
test map::tests::parts_to_snapshot_carries_window_and_tree ... ok
test map::tests::parts_to_snapshot_missing_title_is_empty ... ok
test map::tests::password_node_maps_to_secure ... ok
test mock::tests::mock_is_ready_by_default ... ok
test mock::tests::queued_input_drains_as_input_item ... ok
test windows::idle_logic_tests::active_within_threshold_is_not_idle ... ok
test windows::idle_logic_tests::beyond_threshold_is_idle ... ok
test windows::idle_logic_tests::custom_threshold_one_second ... ok
test windows::idle_logic_tests::exactly_at_threshold_is_idle ... ok
test windows::idle_logic_tests::none_last_activity_is_not_idle ... ok
test windows::input_count_tests::sendinput_keystrokes_and_clicks_are_counted ... ok
test windows::real_capture_tests::real_foreground_window_yields_snapshot ... ok

test result: ok. 15 passed; 0 failed; 0 ignored; 0 measured; 0 filtered out; finished in 0.63s

   Doc-tests nibbin_capture

running 0 tests

test result: ok. 0 passed; 0 failed; 0 ignored; 0 measured; 0 filtered out; finished in 0.00s

CAPTURE_SP_TEST_EXIT=0
